[2019-07-03T15:09:45.936+0500][0.013s] Heap region size: 1M
[2019-07-03T15:09:46.221+0500][0.298s] Using G1
[2019-07-03T15:09:46.222+0500][0.299s] Heap address: 0x00000007e0000000, size: 512 MB, Compressed Oops mode: Zero based, Oop shift amount: 3
[2019-07-03T15:09:47.166+0500][1.243s] GC(0) Pause Young (Normal) (G1 Evacuation Pause)
[2019-07-03T15:09:47.166+0500][1.243s] GC(0) Using 8 workers of 8 for evacuation
[2019-07-03T15:09:47.172+0500][1.248s] GC(0)   Pre Evacuate Collection Set: 0.0ms
[2019-07-03T15:09:47.184+0500][1.260s] GC(0)   Evacuate Collection Set: 4.6ms
[2019-07-03T15:09:47.184+0500][1.260s] GC(0)   Post Evacuate Collection Set: 0.5ms
[2019-07-03T15:09:47.184+0500][1.261s] GC(0)   Other: 0.6ms
[2019-07-03T15:09:47.184+0500][1.261s] GC(0) Eden regions: 30->0(303)
[2019-07-03T15:09:47.184+0500][1.261s] GC(0) Survivor regions: 0->4(4)
[2019-07-03T15:09:47.184+0500][1.261s] GC(0) Old regions: 0->0
[2019-07-03T15:09:47.184+0500][1.261s] GC(0) Humongous regions: 0->0
[2019-07-03T15:09:47.184+0500][1.261s] GC(0) Metaspace: 16376K->16376K(1064960K)
[2019-07-03T15:09:47.184+0500][1.261s] GC(0) Pause Young (Normal) (G1 Evacuation Pause) 30M->3M(512M) 17.732ms
[2019-07-03T15:09:47.184+0500][1.261s] GC(0) User=0.02s Sys=0.00s Real=0.02s
[2019-07-03T15:09:47.448+0500][1.525s] GC(1) Pause Young (Concurrent Start) (Metadata GC Threshold)
[2019-07-03T15:09:47.448+0500][1.525s] GC(1) Using 8 workers of 8 for evacuation
[2019-07-03T15:09:47.459+0500][1.536s] GC(1)   Pre Evacuate Collection Set: 0.0ms
[2019-07-03T15:09:47.459+0500][1.536s] GC(1)   Evacuate Collection Set: 10.5ms
[2019-07-03T15:09:47.459+0500][1.536s] GC(1)   Post Evacuate Collection Set: 0.5ms
[2019-07-03T15:09:47.460+0500][1.536s] GC(1)   Other: 0.2ms
[2019-07-03T15:09:47.460+0500][1.536s] GC(1) Eden regions: 20->0(85)
[2019-07-03T15:09:47.460+0500][1.536s] GC(1) Survivor regions: 4->12(39)
[2019-07-03T15:09:47.460+0500][1.536s] GC(1) Old regions: 0->0
[2019-07-03T15:09:47.460+0500][1.536s] GC(1) Humongous regions: 4->4
[2019-07-03T15:09:47.460+0500][1.537s] GC(1) Metaspace: 20695K->20695K(1069056K)
[2019-07-03T15:09:47.460+0500][1.537s] GC(1) Pause Young (Concurrent Start) (Metadata GC Threshold) 27M->15M(512M) 11.404ms
[2019-07-03T15:09:47.460+0500][1.537s] GC(1) User=0.06s Sys=0.00s Real=0.02s
[2019-07-03T15:09:47.460+0500][1.537s] GC(2) Concurrent Cycle
[2019-07-03T15:09:47.460+0500][1.537s] GC(2) Concurrent Clear Claimed Marks
[2019-07-03T15:09:47.460+0500][1.537s] GC(2) Concurrent Clear Claimed Marks 0.035ms
[2019-07-03T15:09:47.460+0500][1.537s] GC(2) Concurrent Scan Root Regions
[2019-07-03T15:09:47.464+0500][1.541s] GC(2) Concurrent Scan Root Regions 4.222ms
[2019-07-03T15:09:47.464+0500][1.541s] GC(2) Concurrent Mark (1.541s)
[2019-07-03T15:09:47.464+0500][1.541s] GC(2) Concurrent Mark From Roots
[2019-07-03T15:09:47.464+0500][1.541s] GC(2) Using 2 workers of 2 for marking
[2019-07-03T15:09:47.465+0500][1.542s] GC(2) Concurrent Mark From Roots 1.405ms
[2019-07-03T15:09:47.465+0500][1.542s] GC(2) Concurrent Preclean
[2019-07-03T15:09:47.465+0500][1.542s] GC(2) Concurrent Preclean 0.033ms
[2019-07-03T15:09:47.465+0500][1.542s] GC(2) Concurrent Mark (1.541s, 1.542s) 1.499ms
[2019-07-03T15:09:47.466+0500][1.543s] GC(2) Pause Remark
[2019-07-03T15:09:47.467+0500][1.544s] GC(2) Cleaned string and symbol table, strings: 10312 processed, 0 removed, symbols: 67979 processed, 15 removed
[2019-07-03T15:09:47.467+0500][1.544s] GC(2) Pause Remark 16M->16M(512M) 1.457ms
[2019-07-03T15:09:47.467+0500][1.544s] GC(2) User=0.01s Sys=0.00s Real=0.00s
[2019-07-03T15:09:47.467+0500][1.544s] GC(2) Concurrent Rebuild Remembered Sets
[2019-07-03T15:09:47.470+0500][1.547s] GC(2) Concurrent Rebuild Remembered Sets 2.680ms
[2019-07-03T15:09:47.470+0500][1.547s] GC(2) Pause Cleanup
[2019-07-03T15:09:47.470+0500][1.547s] GC(2) Pause Cleanup 16M->16M(512M) 0.114ms
[2019-07-03T15:09:47.470+0500][1.547s] GC(2) User=0.00s Sys=0.00s Real=0.00s
[2019-07-03T15:09:47.470+0500][1.547s] GC(2) Concurrent Cleanup for Next Mark
[2019-07-03T15:09:47.471+0500][1.548s] GC(2) Concurrent Cleanup for Next Mark 0.519ms
[2019-07-03T15:09:47.471+0500][1.548s] GC(2) Concurrent Cycle 11.045ms
[2019-07-03T15:09:48.121+0500][2.198s] GC(3) Pause Young (Normal) (G1 Evacuation Pause)
[2019-07-03T15:09:48.121+0500][2.198s] GC(3) Using 8 workers of 8 for evacuation
[2019-07-03T15:09:48.132+0500][2.209s] GC(3)   Pre Evacuate Collection Set: 0.0ms
[2019-07-03T15:09:48.132+0500][2.209s] GC(3)   Evacuate Collection Set: 10.4ms
[2019-07-03T15:09:48.132+0500][2.209s] GC(3)   Post Evacuate Collection Set: 0.6ms
[2019-07-03T15:09:48.132+0500][2.209s] GC(3)   Other: 0.1ms
[2019-07-03T15:09:48.132+0500][2.209s] GC(3) Eden regions: 51->0(85)
[2019-07-03T15:09:48.132+0500][2.209s] GC(3) Survivor regions: 12->8(8)
[2019-07-03T15:09:48.132+0500][2.209s] GC(3) Old regions: 0->12
[2019-07-03T15:09:48.132+0500][2.209s] GC(3) Humongous regions: 4->4
[2019-07-03T15:09:48.132+0500][2.209s] GC(3) Metaspace: 27798K->27798K(1075200K)
[2019-07-03T15:09:48.132+0500][2.209s] GC(3) Pause Young (Normal) (G1 Evacuation Pause) 66M->23M(512M) 11.276ms
[2019-07-03T15:09:48.132+0500][2.209s] GC(3) User=0.08s Sys=0.00s Real=0.01s
[2019-07-03T15:09:49.140+0500][3.217s] GC(4) Pause Young (Concurrent Start) (Metadata GC Threshold)
[2019-07-03T15:09:49.140+0500][3.217s] GC(4) Using 8 workers of 8 for evacuation
[2019-07-03T15:09:49.146+0500][3.223s] GC(4)   Pre Evacuate Collection Set: 0.1ms
[2019-07-03T15:09:49.146+0500][3.223s] GC(4)   Evacuate Collection Set: 5.3ms
[2019-07-03T15:09:49.146+0500][3.223s] GC(4)   Post Evacuate Collection Set: 0.4ms
[2019-07-03T15:09:49.146+0500][3.223s] GC(4)   Other: 0.2ms
[2019-07-03T15:09:49.146+0500][3.223s] GC(4) Eden regions: 79->0(171)
[2019-07-03T15:09:49.146+0500][3.223s] GC(4) Survivor regions: 8->4(12)
[2019-07-03T15:09:49.146+0500][3.223s] GC(4) Old regions: 12->19
[2019-07-03T15:09:49.146+0500][3.223s] GC(4) Humongous regions: 4->4
[2019-07-03T15:09:49.146+0500][3.223s] GC(4) Metaspace: 34932K->34932K(1081344K)
[2019-07-03T15:09:49.146+0500][3.223s] GC(4) Pause Young (Concurrent Start) (Metadata GC Threshold) 102M->26M(512M) 6.003ms
[2019-07-03T15:09:49.146+0500][3.223s] GC(4) User=0.03s Sys=0.00s Real=0.00s
[2019-07-03T15:09:49.146+0500][3.223s] GC(5) Concurrent Cycle
[2019-07-03T15:09:49.146+0500][3.223s] GC(5) Concurrent Clear Claimed Marks
[2019-07-03T15:09:49.146+0500][3.223s] GC(5) Concurrent Clear Claimed Marks 0.034ms
[2019-07-03T15:09:49.146+0500][3.223s] GC(5) Concurrent Scan Root Regions
[2019-07-03T15:09:49.148+0500][3.225s] GC(5) Concurrent Scan Root Regions 1.507ms
[2019-07-03T15:09:49.148+0500][3.225s] GC(5) Concurrent Mark (3.225s)
[2019-07-03T15:09:49.148+0500][3.225s] GC(5) Concurrent Mark From Roots
[2019-07-03T15:09:49.148+0500][3.225s] GC(5) Using 2 workers of 2 for marking
[2019-07-03T15:09:49.165+0500][3.242s] GC(5) Concurrent Mark From Roots 17.029ms
[2019-07-03T15:09:49.165+0500][3.242s] GC(5) Concurrent Preclean
[2019-07-03T15:09:49.165+0500][3.242s] GC(5) Concurrent Preclean 0.072ms
[2019-07-03T15:09:49.165+0500][3.242s] GC(5) Concurrent Mark (3.225s, 3.242s) 17.175ms
[2019-07-03T15:09:49.165+0500][3.242s] GC(5) Pause Remark
[2019-07-03T15:09:49.167+0500][3.244s] GC(5) Cleaned string and symbol table, strings: 17456 processed, 18 removed, symbols: 113053 processed, 44 removed
[2019-07-03T15:09:49.167+0500][3.244s] GC(5) Pause Remark 28M->28M(512M) 2.289ms
[2019-07-03T15:09:49.167+0500][3.244s] GC(5) User=0.02s Sys=0.00s Real=0.00s
[2019-07-03T15:09:49.167+0500][3.244s] GC(5) Concurrent Rebuild Remembered Sets
[2019-07-03T15:09:49.177+0500][3.254s] GC(5) Concurrent Rebuild Remembered Sets 9.631ms
[2019-07-03T15:09:49.177+0500][3.254s] GC(5) Pause Cleanup
[2019-07-03T15:09:49.177+0500][3.254s] GC(5) Pause Cleanup 29M->29M(512M) 0.087ms
[2019-07-03T15:09:49.177+0500][3.254s] GC(5) User=0.00s Sys=0.00s Real=0.00s
[2019-07-03T15:09:49.177+0500][3.254s] GC(5) Concurrent Cleanup for Next Mark
[2019-07-03T15:09:49.178+0500][3.255s] GC(5) Concurrent Cleanup for Next Mark 0.644ms
[2019-07-03T15:09:49.178+0500][3.255s] GC(5) Concurrent Cycle 31.788ms
[2019-07-03T15:12:46.505+0500][180.576s] GC(6) Pause Young (Normal) (G1 Evacuation Pause)
[2019-07-03T15:12:46.505+0500][180.576s] GC(6) Using 8 workers of 8 for evacuation
[2019-07-03T15:12:46.511+0500][180.583s] GC(6)   Pre Evacuate Collection Set: 0.0ms
[2019-07-03T15:12:46.511+0500][180.583s] GC(6)   Evacuate Collection Set: 5.8ms
[2019-07-03T15:12:46.511+0500][180.583s] GC(6)   Post Evacuate Collection Set: 0.6ms
[2019-07-03T15:12:46.511+0500][180.583s] GC(6)   Other: 0.2ms
[2019-07-03T15:12:46.511+0500][180.583s] GC(6) Eden regions: 171->0(295)
[2019-07-03T15:12:46.511+0500][180.583s] GC(6) Survivor regions: 4->12(22)
[2019-07-03T15:12:46.511+0500][180.583s] GC(6) Old regions: 19->19
[2019-07-03T15:12:46.511+0500][180.583s] GC(6) Humongous regions: 5->5
[2019-07-03T15:12:46.511+0500][180.583s] GC(6) Metaspace: 43377K->43377K(1089536K)
[2019-07-03T15:12:46.511+0500][180.583s] GC(6) Pause Young (Normal) (G1 Evacuation Pause) 197M->34M(512M) 6.663ms
[2019-07-03T15:12:46.511+0500][180.583s] GC(6) User=0.04s Sys=0.01s Real=0.01s
[2019-07-03T15:47:24.974+0500][2258.983s] GC(7) Pause Young (Normal) (G1 Evacuation Pause)
[2019-07-03T15:47:24.974+0500][2258.983s] GC(7) Using 8 workers of 8 for evacuation
[2019-07-03T15:47:24.982+0500][2258.991s] GC(7)   Pre Evacuate Collection Set: 0.0ms
[2019-07-03T15:47:24.982+0500][2258.991s] GC(7)   Evacuate Collection Set: 7.2ms
[2019-07-03T15:47:24.982+0500][2258.991s] GC(7)   Post Evacuate Collection Set: 0.8ms
[2019-07-03T15:47:24.982+0500][2258.991s] GC(7)   Other: 0.2ms
[2019-07-03T15:47:24.982+0500][2258.991s] GC(7) Eden regions: 295->0(289)
[2019-07-03T15:47:24.982+0500][2258.991s] GC(7) Survivor regions: 12->18(39)
[2019-07-03T15:47:24.982+0500][2258.991s] GC(7) Old regions: 19->19
[2019-07-03T15:47:24.982+0500][2258.991s] GC(7) Humongous regions: 148->5
[2019-07-03T15:47:24.982+0500][2258.991s] GC(7) Metaspace: 58235K->58235K(1101824K)
[2019-07-03T15:47:24.982+0500][2258.991s] GC(7) Pause Young (Normal) (G1 Evacuation Pause) 472M->41M(512M) 8.357ms
[2019-07-03T15:47:24.982+0500][2258.991s] GC(7) User=0.06s Sys=0.00s Real=0.01s
[2019-07-03T15:47:25.137+0500][2259.146s] GC(8) Pause Young (Concurrent Start) (Metadata GC Threshold)
[2019-07-03T15:47:25.137+0500][2259.146s] GC(8) Using 8 workers of 8 for evacuation
[2019-07-03T15:47:25.149+0500][2259.159s] GC(8)   Pre Evacuate Collection Set: 0.1ms
[2019-07-03T15:47:25.149+0500][2259.159s] GC(8)   Evacuate Collection Set: 11.7ms
[2019-07-03T15:47:25.149+0500][2259.159s] GC(8)   Post Evacuate Collection Set: 0.6ms
[2019-07-03T15:47:25.149+0500][2259.159s] GC(8)   Other: 0.2ms
[2019-07-03T15:47:25.149+0500][2259.159s] GC(8) Eden regions: 105->0(288)
[2019-07-03T15:47:25.149+0500][2259.159s] GC(8) Survivor regions: 18->19(39)
[2019-07-03T15:47:25.149+0500][2259.159s] GC(8) Old regions: 19->19
[2019-07-03T15:47:25.149+0500][2259.159s] GC(8) Humongous regions: 5->5
[2019-07-03T15:47:25.149+0500][2259.159s] GC(8) Metaspace: 58836K->58836K(1101824K)
[2019-07-03T15:47:25.149+0500][2259.159s] GC(8) Pause Young (Concurrent Start) (Metadata GC Threshold) 145M->42M(512M) 12.725ms
[2019-07-03T15:47:25.150+0500][2259.159s] GC(8) User=0.04s Sys=0.00s Real=0.02s
[2019-07-03T15:47:25.150+0500][2259.159s] GC(9) Concurrent Cycle
[2019-07-03T15:47:25.150+0500][2259.159s] GC(9) Concurrent Clear Claimed Marks
[2019-07-03T15:47:25.150+0500][2259.159s] GC(9) Concurrent Clear Claimed Marks 0.046ms
[2019-07-03T15:47:25.150+0500][2259.159s] GC(9) Concurrent Scan Root Regions
[2019-07-03T15:47:25.155+0500][2259.164s] GC(9) Concurrent Scan Root Regions 5.221ms
[2019-07-03T15:47:25.155+0500][2259.164s] GC(9) Concurrent Mark (2259.164s)
[2019-07-03T15:47:25.155+0500][2259.164s] GC(9) Concurrent Mark From Roots
[2019-07-03T15:47:25.155+0500][2259.164s] GC(9) Using 2 workers of 2 for marking
[2019-07-03T15:47:25.167+0500][2259.177s] GC(9) Concurrent Mark From Roots 12.369ms
[2019-07-03T15:47:25.167+0500][2259.177s] GC(9) Concurrent Preclean
[2019-07-03T15:47:25.167+0500][2259.177s] GC(9) Concurrent Preclean 0.112ms
[2019-07-03T15:47:25.167+0500][2259.177s] GC(9) Concurrent Mark (2259.164s, 2259.177s) 12.552ms
[2019-07-03T15:47:25.168+0500][2259.177s] GC(9) Pause Remark
[2019-07-03T15:47:25.174+0500][2259.184s] GC(9) Cleaned string and symbol table, strings: 26853 processed, 863 removed, symbols: 164416 processed, 563 removed
[2019-07-03T15:47:25.177+0500][2259.186s] GC(9) Pause Remark 45M->45M(512M) 9.172ms
[2019-07-03T15:47:25.177+0500][2259.186s] GC(9) User=0.05s Sys=0.00s Real=0.01s
[2019-07-03T15:47:25.177+0500][2259.186s] GC(9) Concurrent Rebuild Remembered Sets
[2019-07-03T15:47:25.186+0500][2259.195s] GC(9) Concurrent Rebuild Remembered Sets 8.791ms
[2019-07-03T15:47:25.186+0500][2259.195s] GC(9) Pause Cleanup
[2019-07-03T15:47:25.186+0500][2259.195s] GC(9) Pause Cleanup 46M->46M(512M) 0.104ms
[2019-07-03T15:47:25.186+0500][2259.195s] GC(9) User=0.00s Sys=0.00s Real=0.00s
[2019-07-03T15:47:25.186+0500][2259.195s] GC(9) Concurrent Cleanup for Next Mark
[2019-07-03T15:47:25.187+0500][2259.196s] GC(9) Concurrent Cleanup for Next Mark 0.850ms
[2019-07-03T15:47:25.187+0500][2259.196s] GC(9) Concurrent Cycle 37.358ms
[2019-07-09T07:17:10.651+0500][36354.882s] GC(10) Pause Young (Normal) (G1 Evacuation Pause)
[2019-07-09T07:17:10.653+0500][36354.885s] GC(10) Using 8 workers of 8 for evacuation
[2019-07-09T07:17:10.666+0500][36354.897s] GC(10)   Pre Evacuate Collection Set: 0.0ms
[2019-07-09T07:17:10.666+0500][36354.897s] GC(10)   Evacuate Collection Set: 11.3ms
[2019-07-09T07:17:10.666+0500][36354.897s] GC(10)   Post Evacuate Collection Set: 1.0ms
[2019-07-09T07:17:10.666+0500][36354.897s] GC(10)   Other: 2.6ms
[2019-07-09T07:17:10.666+0500][36354.897s] GC(10) Eden regions: 288->0(285)
[2019-07-09T07:17:10.666+0500][36354.897s] GC(10) Survivor regions: 19->22(39)
[2019-07-09T07:17:10.666+0500][36354.897s] GC(10) Old regions: 19->19
[2019-07-09T07:17:10.666+0500][36354.897s] GC(10) Humongous regions: 5->5
[2019-07-09T07:17:10.666+0500][36354.897s] GC(10) Metaspace: 59337K->59337K(1103872K)
[2019-07-09T07:17:10.666+0500][36354.897s] GC(10) Pause Young (Normal) (G1 Evacuation Pause) 330M->45M(512M) 15.063ms
[2019-07-09T07:17:10.666+0500][36354.897s] GC(10) User=0.08s Sys=0.01s Real=0.01s
